exports[`globalStyles rendrs global styles 1`] = `
Object {
  "#app": Object {
    "background": "linear-gradient(45deg, #8B97A2 0%, #CFCFCF 100%)",
    "color": "white",
    "minHeight": "100%",
    "minWidth": "100%",
  },
  "body": Object {
    ".fontLoaded": Object {
      "fontFamily": "\"Open Sans\", \"Helvetica Neue\", Helvetica, Arial, sans-serif",
    },
    "fontFamily": "\"Helvetica Neue\", Helvetica, Arial, sans-serif",
  },
  "html, body": Object {
    "height": "100%",
    "width": "100%",
  },
}
`;
