exports[`Button renders a <StyledLink /> 1`] = `
<Styled(Link)
  to="some/path" />
`;

exports[`Button renders an <A /> 1`] = `
<styled.a
  href="http://www.google.com"
  target="_blank" />
`;

exports[`Button renders css 1`] = `
Object {
  "background": "lightgray",
  "borderRadius": "3px",
  "color": "white",
  "display": "inline-block",
  "margin": "0.5rem 1rem",
  "padding": "0.5rem 0",
  "textAlign": "center",
  "textDecoration": "none",
  "width": "11rem",
}
`;
