exports[`<HomePage /> renders the <HomePage /> 1`] = `
<styled.div>
  <styled.div
    justifyContent="center">
    <Header
      type="h1">
      <FormattedMessage
        defaultMessage="{ 👟 } Shoelaces"
        id="app.components.HomePage.header"
        tagName="span"
        values={Object {}} />
    </Header>
    <Header
      type="h3">
      <FormattedMessage
        defaultMessage="Mobile first flexible CSS-in-JS grid."
        id="app.components.HomePage.header"
        tagName="span"
        values={Object {}} />
    </Header>
  </styled.div>
  <styled.div
    justifyContent="center">
    <Button
      path="docs">
      <FormattedMessage
        defaultMessage="Docs"
        id="app.components.HomePage.header"
        tagName="span"
        values={Object {}} />
    </Button>
    <Button
      external={true}
      path="https://github.com/will-hitchcock/shoelaces">
      <FormattedMessage
        defaultMessage="Github"
        id="app.components.HomePage.header"
        tagName="span"
        values={Object {}} />
    </Button>
  </styled.div>
  <CodeExample
    code="<Container>
    <Row>
      <Col xs={1 / 5}><Box /></Col>
      <Col xs={1 / 5}><Box /></Col>
      <Col xs={1 / 5}><Box /></Col>
      <Col xs={1 / 5}><Box /></Col>
      <Col xs={1 / 5}><Box /></Col>
    </Row>
    <Row>
      <Col xs={1 / 3}><Box /></Col>
      <Col xs={1 / 3}><Box /></Col>
      <Col xs={1 / 3}><Box /></Col>
    </Row>
    <Row>
      <Col xs={1 / 2}><Box /></Col>
      <Col xs={1 / 2}><Box /></Col>
    </Row>
  </Container>
    "
    key="basic"
    scope={
      Object {
        "Box": [Function],
        "Col": [Function],
        "Container": [Function],
        "Flex": [Function],
        "Row": [Function],
      }
    } />
  <CodeExample
    code="<Container>
    <Row>
      <Col xs={1 / 3}><Box /></Col>
      <Col xs={1 / 3}><Box /></Col>
    </Row>
    <Row justifyContent=\"around\">
      <Col xs={1 / 3}><Box /></Col>
      <Col xs={1 / 3}><Box /></Col>
    </Row>
    <Row justifyContent=\"center\">
      <Col xs={1 / 3}><Box /></Col>
      <Col xs={1 / 3}><Box /></Col>
    </Row>
    <Row justifyContent=\"start\">
      <Col xs={1 / 3}><Box /></Col>
      <Col xs={1 / 3}><Box /></Col>
    </Row>
    <Row justifyContent=\"end\">
      <Col xs={1 / 3}><Box /></Col>
      <Col xs={1 / 3}><Box /></Col>
    </Row>
  </Container>
    "
    key="justify"
    scope={
      Object {
        "Box": [Function],
        "Col": [Function],
        "Container": [Function],
        "Flex": [Function],
        "Row": [Function],
      }
    } />
  <CodeExample
    code="<Container>
    <Row>
      <Col xs={1 / 2}>
        <Box color=\"primaryDark\">
          <Row>
            <Col xs={1 / 3}><Box/></Col>
            <Col xs={2 / 3}>
              <Box>
                <Row>
                  <Col xs={1 / 4}><Box color=\"primaryDarker\"/></Col>
                  <Col xs={3 / 4}><Box color=\"primaryDarker\"/></Col>
                </Row>
              </Box>
            </Col>
          </Row>
        </Box>
      </Col>
      <Col xs={1 / 2}><Box color=\"primaryDark\" /></Col>
    </Row>
  </Container>
    "
    key="nesting"
    scope={
      Object {
        "Box": [Function],
        "Col": [Function],
        "Container": [Function],
        "Flex": [Function],
        "Row": [Function],
      }
    } />
  <CodeExample
    code="<Container>
    <Row>
      <Col xs={1} md={1 / 2} lg={1 / 4}><Box /></Col>
      <Col xs={1} md={1 / 2} lg={1 / 4}><Box /></Col>
      <Col xs={1} md={1 / 2} lg={1 / 4}><Box /></Col>
      <Col xs={1} md={1 / 2} lg={1 / 4}><Box /></Col>
    </Row>
    <Row>
      <Col xs={1} lg={1 / 3}><Box /></Col>
      <Col xs={1} lg={1 / 3}><Box /></Col>
      <Col xs={1} lg={1 / 3}><Box /></Col>
    </Row>
  </Container>
    "
    key="responsive"
    scope={
      Object {
        "Box": [Function],
        "Col": [Function],
        "Container": [Function],
        "Flex": [Function],
        "Row": [Function],
      }
    } />
  <CodeExample
    code="<Container>
    <Row>
      <Col xs={1} md={1 / Math.PI}><Box /></Col>
      <Col xs={1} md={1 / 1 - (1 / Math.PI)}><Box /></Col>
    </Row>
    <Row>
      <Col xs={1} md={1 / 1 - (1 / Math.E)}><Box /></Col>
      <Col xs={1} md={1 / Math.E}><Box /></Col>
    </Row>
    <Row>
      <Col xs={1} md={1 - (1 / ((1 + Math.sqrt(5)) / 2))}><Box /></Col>
      <Col xs={1} md={1 / ((1 + Math.sqrt(5)) / 2)}><Box /></Col>
    </Row>
  </Container>
  "
    key="math"
    scope={
      Object {
        "Box": [Function],
        "Col": [Function],
        "Container": [Function],
        "Flex": [Function],
        "Row": [Function],
      }
    } />
</styled.div>
`;
